// Jest Snapshot v1, https://goo.gl/fbAQLP

exports[`renders homepage unchanged 1`] = `
<div>
  <h1>
    First Post
  </h1>
  <h2>
    <a
      href="/"
    >
      Back to home
    </a>
  </h2>
</div>
`;
